[debug] [2026-07-20T16:20:32.481Z] ----------------------------------------------------------------------
[debug] [2026-07-20T16:20:32.486Z] Command:       C:\Program Files\nodejs\node.exe C:\Users\Luka\AppData\Roaming\npm\node_modules\firebase-tools\lib\bin\firebase.js login:list
[debug] [2026-07-20T16:20:32.487Z] CLI Version:   15.22.0
[debug] [2026-07-20T16:20:32.487Z] Platform:      win32
[debug] [2026-07-20T16:20:32.487Z] Node Version:  v24.11.1
[debug] [2026-07-20T16:20:32.487Z] Detected Agent: codex_cli
[debug] [2026-07-20T16:20:32.488Z] Time:          Mon Jul 20 2026 13:20:32 GMT-0300 (Horário Padrão de Brasília)
[debug] [2026-07-20T16:20:32.488Z] ----------------------------------------------------------------------
[debug] 
[debug] [2026-07-20T16:20:32.492Z] >>> [apiv2][query] GET https://firebase-public.firebaseio.com/cli.json [none]
[info] Logged in as alowweb46@gmail.com
[debug] [2026-07-20T16:20:40.700Z] ----------------------------------------------------------------------
[debug] [2026-07-20T16:20:40.704Z] Command:       C:\Program Files\nodejs\node.exe C:\Users\Luka\AppData\Roaming\npm\node_modules\firebase-tools\lib\bin\firebase.js deploy --only firestore:rules --project habitlegends-3b9e7
[debug] [2026-07-20T16:20:40.705Z] CLI Version:   15.22.0
[debug] [2026-07-20T16:20:40.705Z] Platform:      win32
[debug] [2026-07-20T16:20:40.705Z] Node Version:  v24.11.1
[debug] [2026-07-20T16:20:40.706Z] Detected Agent: codex_cli
[debug] [2026-07-20T16:20:40.706Z] Time:          Mon Jul 20 2026 13:20:40 GMT-0300 (Horário Padrão de Brasília)
[debug] [2026-07-20T16:20:40.706Z] ----------------------------------------------------------------------
[debug] 
[debug] [2026-07-20T16:20:40.710Z] >>> [apiv2][query] GET https://firebase-public.firebaseio.com/cli.json [none]
[debug] [2026-07-20T16:20:49.453Z] > command requires scopes: ["email","openid","https://www.googleapis.com/auth/cloudplatformprojects.readonly","https://www.googleapis.com/auth/firebase","https://www.googleapis.com/auth/cloud-platform"]
[debug] [2026-07-20T16:20:49.454Z] > authorizing via signed-in user (alowweb46@gmail.com)
[debug] [2026-07-20T16:20:49.455Z] [iam] checking project habitlegends-3b9e7 for permissions ["datastore.indexes.create","datastore.indexes.delete","datastore.indexes.list","datastore.indexes.update","firebase.projects.get"]
[debug] [2026-07-20T16:20:49.456Z] Checked if tokens are valid: false, expires at: 1783004462044
[debug] [2026-07-20T16:20:49.457Z] Checked if tokens are valid: false, expires at: 1783004462044
[debug] [2026-07-20T16:20:49.457Z] > refreshing access token with scopes: []
[debug] [2026-07-20T16:20:49.460Z] >>> [apiv2][query] POST https://www.googleapis.com/oauth2/v3/token [none]
[debug] [2026-07-20T16:20:49.460Z] >>> [apiv2][body] POST https://www.googleapis.com/oauth2/v3/token [omitted]
[debug] [2026-07-20T16:20:49.660Z] <<< [apiv2][status] POST https://www.googleapis.com/oauth2/v3/token 200
[debug] [2026-07-20T16:20:49.661Z] <<< [apiv2][body] POST https://www.googleapis.com/oauth2/v3/token [omitted]
[debug] [2026-07-20T16:20:49.674Z] >>> [apiv2][query] POST https://cloudresourcemanager.googleapis.com/v1/projects/habitlegends-3b9e7:testIamPermissions [none]
[debug] [2026-07-20T16:20:49.675Z] >>> [apiv2][(partial)header] POST https://cloudresourcemanager.googleapis.com/v1/projects/habitlegends-3b9e7:testIamPermissions  x-goog-user-project=habitlegends-3b9e7
[debug] [2026-07-20T16:20:49.675Z] >>> [apiv2][body] POST https://cloudresourcemanager.googleapis.com/v1/projects/habitlegends-3b9e7:testIamPermissions {"permissions":["datastore.indexes.create","datastore.indexes.delete","datastore.indexes.list","datastore.indexes.update","firebase.projects.get"]}
[debug] [2026-07-20T16:20:49.790Z] <<< [apiv2][status] GET https://firebase-public.firebaseio.com/cli.json 200
[debug] [2026-07-20T16:20:49.791Z] <<< [apiv2][body] GET https://firebase-public.firebaseio.com/cli.json {"cloudBuildErrorAfter":1594252800000,"cloudBuildWarnAfter":1590019200000,"defaultNode10After":1594252800000,"minVersion":"3.0.5","node8DeploysDisabledAfter":1613390400000,"node8RuntimeDisabledAfter":1615809600000,"node8WarnAfter":1600128000000}
[debug] [2026-07-20T16:20:50.535Z] <<< [apiv2][status] POST https://cloudresourcemanager.googleapis.com/v1/projects/habitlegends-3b9e7:testIamPermissions 200
[debug] [2026-07-20T16:20:50.535Z] <<< [apiv2][body] POST https://cloudresourcemanager.googleapis.com/v1/projects/habitlegends-3b9e7:testIamPermissions {"permissions":["datastore.indexes.create","datastore.indexes.delete","datastore.indexes.list","datastore.indexes.update","firebase.projects.get"]}
[info] 
[info] === Deploying to 'habitlegends-3b9e7'...
[info] 
[info] i  deploying firestore 
[info] i  firestore: ensuring required API firestore.googleapis.com is enabled... 
[debug] [2026-07-20T16:20:50.540Z] Checked if tokens are valid: true, expires at: 1784568048661
[debug] [2026-07-20T16:20:50.540Z] Checked if tokens are valid: true, expires at: 1784568048661
[debug] [2026-07-20T16:20:50.540Z] >>> [apiv2][query] GET https://serviceusage.googleapis.com/v1/projects/habitlegends-3b9e7/services/firestore.googleapis.com [none]
[debug] [2026-07-20T16:20:50.540Z] >>> [apiv2][(partial)header] GET https://serviceusage.googleapis.com/v1/projects/habitlegends-3b9e7/services/firestore.googleapis.com  x-goog-user-project=habitlegends-3b9e7
[debug] [2026-07-20T16:20:51.627Z] <<< [apiv2][status] GET https://serviceusage.googleapis.com/v1/projects/habitlegends-3b9e7/services/firestore.googleapis.com 200
[debug] [2026-07-20T16:20:51.627Z] <<< [apiv2][body] GET https://serviceusage.googleapis.com/v1/projects/habitlegends-3b9e7/services/firestore.googleapis.com [omitted]
[info] +  firestore: required API firestore.googleapis.com is enabled 
[info] i  firestore: ensuring required API firestore.googleapis.com is enabled... 
[debug] [2026-07-20T16:20:51.637Z] Checked if tokens are valid: true, expires at: 1784568048661
[debug] [2026-07-20T16:20:51.637Z] Checked if tokens are valid: true, expires at: 1784568048661
[debug] [2026-07-20T16:20:51.638Z] >>> [apiv2][query] GET https://firestore.googleapis.com/v1/projects/habitlegends-3b9e7/databases/(default) [none]
[debug] [2026-07-20T16:20:51.850Z] <<< [apiv2][status] GET https://firestore.googleapis.com/v1/projects/habitlegends-3b9e7/databases/(default) 200
[debug] [2026-07-20T16:20:51.850Z] <<< [apiv2][body] GET https://firestore.googleapis.com/v1/projects/habitlegends-3b9e7/databases/(default) {"name":"projects/habitlegends-3b9e7/databases/(default)","uid":"fe9ad8b3-e8b5-4c4a-a8a9-3c47ad14604a","createTime":"2026-07-20T15:41:17.885317Z","updateTime":"2026-07-20T15:41:17.885317Z","locationId":"southamerica-east1","type":"FIRESTORE_NATIVE","concurrencyMode":"PESSIMISTIC","versionRetentionPeriod":"3600s","earliestVersionTime":"2026-07-20T15:41:17.885317Z","appEngineIntegrationMode":"DISABLED","keyPrefix":"i","pointInTimeRecoveryEnablement":"POINT_IN_TIME_RECOVERY_DISABLED","deleteProtectionState":"DELETE_PROTECTION_DISABLED","databaseEdition":"STANDARD","freeTier":true,"realtimeUpdatesMode":"REALTIME_UPDATES_MODE_ENABLED","etag":"INGbxNHU4ZUDMOfD99XN4ZUD"}
[info] i  cloud.firestore: checking firestore.rules for compilation errors... 
[debug] [2026-07-20T16:20:51.852Z] Checked if tokens are valid: true, expires at: 1784568048661
[debug] [2026-07-20T16:20:51.852Z] Checked if tokens are valid: true, expires at: 1784568048661
[debug] [2026-07-20T16:20:51.853Z] >>> [apiv2][query] POST https://firebaserules.googleapis.com/v1/projects/habitlegends-3b9e7:test [none]
[debug] [2026-07-20T16:20:51.853Z] >>> [apiv2][body] POST https://firebaserules.googleapis.com/v1/projects/habitlegends-3b9e7:test [omitted]
[debug] [2026-07-20T16:20:53.200Z] <<< [apiv2][status] POST https://firebaserules.googleapis.com/v1/projects/habitlegends-3b9e7:test 200
[debug] [2026-07-20T16:20:53.200Z] <<< [apiv2][body] POST https://firebaserules.googleapis.com/v1/projects/habitlegends-3b9e7:test {}
[info] +  cloud.firestore: rules file firestore.rules compiled successfully 
[debug] [2026-07-20T16:20:53.203Z] Checked if tokens are valid: true, expires at: 1784568048661
[debug] [2026-07-20T16:20:53.204Z] Checked if tokens are valid: true, expires at: 1784568048661
[debug] [2026-07-20T16:20:53.205Z] >>> [apiv2][query] GET https://firebaserules.googleapis.com/v1/projects/habitlegends-3b9e7/releases pageSize=10&pageToken=
[debug] [2026-07-20T16:20:54.386Z] <<< [apiv2][status] GET https://firebaserules.googleapis.com/v1/projects/habitlegends-3b9e7/releases 200
[debug] [2026-07-20T16:20:54.387Z] <<< [apiv2][body] GET https://firebaserules.googleapis.com/v1/projects/habitlegends-3b9e7/releases {"releases":[{"name":"projects/habitlegends-3b9e7/releases/cloud.firestore","rulesetName":"projects/habitlegends-3b9e7/rulesets/c920feb7-fcc7-4130-9461-6d02a5352cf6","createTime":"2026-07-20T15:41:22.812226Z","updateTime":"2026-07-20T15:41:22.812226Z"}]}
[debug] [2026-07-20T16:20:54.387Z] Checked if tokens are valid: true, expires at: 1784568048661
[debug] [2026-07-20T16:20:54.387Z] Checked if tokens are valid: true, expires at: 1784568048661
[debug] [2026-07-20T16:20:54.387Z] >>> [apiv2][query] GET https://firebaserules.googleapis.com/v1/projects/habitlegends-3b9e7/rulesets/c920feb7-fcc7-4130-9461-6d02a5352cf6 [none]
[debug] [2026-07-20T16:20:55.516Z] <<< [apiv2][status] GET https://firebaserules.googleapis.com/v1/projects/habitlegends-3b9e7/rulesets/c920feb7-fcc7-4130-9461-6d02a5352cf6 200
[debug] [2026-07-20T16:20:55.516Z] <<< [apiv2][body] GET https://firebaserules.googleapis.com/v1/projects/habitlegends-3b9e7/rulesets/c920feb7-fcc7-4130-9461-6d02a5352cf6 [omitted]
[info] i  firestore: uploading rules firestore.rules... 
[debug] [2026-07-20T16:20:55.519Z] Checked if tokens are valid: true, expires at: 1784568048661
[debug] [2026-07-20T16:20:55.519Z] Checked if tokens are valid: true, expires at: 1784568048661
[debug] [2026-07-20T16:20:55.519Z] >>> [apiv2][query] POST https://firebaserules.googleapis.com/v1/projects/habitlegends-3b9e7/rulesets [none]
[debug] [2026-07-20T16:20:55.519Z] >>> [apiv2][body] POST https://firebaserules.googleapis.com/v1/projects/habitlegends-3b9e7/rulesets [omitted]
[debug] [2026-07-20T16:20:56.830Z] <<< [apiv2][status] POST https://firebaserules.googleapis.com/v1/projects/habitlegends-3b9e7/rulesets 200
[debug] [2026-07-20T16:20:56.830Z] <<< [apiv2][body] POST https://firebaserules.googleapis.com/v1/projects/habitlegends-3b9e7/rulesets {"name":"projects/habitlegends-3b9e7/rulesets/4947e809-be6f-4b0e-802e-47ca3fafb90e","source":{"files":[{"content":"rules_version = '2';\n\nservice cloud.firestore {\n  match /databases/{database}/documents {\n    function signedIn() {\n      return request.auth != null;\n    }\n\n    function ownsUser(userId) {\n      return signedIn() && request.auth.uid == userId;\n    }\n\n    function validDifficultyReward(data) {\n      return (data.difficulty == 'common' && data.xpReward == 40 && data.goldReward == 15)\n        || (data.difficulty == 'rare' && data.xpReward == 90 && data.goldReward == 35)\n        || (data.difficulty == 'epic' && data.xpReward == 150 && data.goldReward == 60)\n        || (data.difficulty == 'legendary' && data.xpReward == 250 && data.goldReward == 100);\n    }\n\n    function validTask(data, userId) {\n      return data.keys().hasAll([\n          'userId', 'title', 'description', 'category', 'difficulty', 'frequency',\n          'xpReward', 'goldReward', 'isActive', 'createdAt', 'updatedAt'\n        ])\n        && data.userId == userId\n        && data.title is string && data.title.size() >= 2 && data.title.size() <= 80\n        && data.description is string && data.description.size() <= 240\n        && data.category is string\n        && data.difficulty in ['common', 'rare', 'epic', 'legendary']\n        && data.frequency in ['once', 'daily', 'weekly']\n        && data.isActive is bool\n        && data.xpReward is int && data.goldReward is int\n        && validDifficultyReward(data);\n    }\n\n    match /users/{userId} {\n      allow create: if ownsUser(userId);\n      allow read, update, delete: if ownsUser(userId);\n\n      match /tasks/{taskId} {\n        allow read: if ownsUser(userId);\n        allow create: if ownsUser(userId) && validTask(request.resource.data, userId);\n        allow update: if ownsUser(userId)\n          && validTask(request.resource.data, userId)\n          && request.resource.data.userId == resource.data.userId\n          && request.resource.data.createdAt == resource.data.createdAt;\n        allow delete: if ownsUser(userId);\n      }\n    }\n\n    match /questTemplates/{questId} {\n      allow read: if signedIn();\n      allow write: if false;\n    }\n\n    match /storeItems/{itemId} {\n      allow read: if signedIn();\n      allow write: if false;\n    }\n  }\n}\n","name":"firestore.rules"}]},"createTime":"2026-07-20T16:20:56.032703Z","metadata":{"services":["cloud.firestore"]}}
[debug] [2026-07-20T16:20:56.830Z] [rules] created ruleset projects/habitlegends-3b9e7/rulesets/4947e809-be6f-4b0e-802e-47ca3fafb90e
[debug] [2026-07-20T16:20:56.831Z] [rules] releasing cloud.firestore with ruleset projects/habitlegends-3b9e7/rulesets/4947e809-be6f-4b0e-802e-47ca3fafb90e
[debug] [2026-07-20T16:20:56.831Z] Checked if tokens are valid: true, expires at: 1784568048661
[debug] [2026-07-20T16:20:56.831Z] Checked if tokens are valid: true, expires at: 1784568048661
[debug] [2026-07-20T16:20:56.831Z] >>> [apiv2][query] PATCH https://firebaserules.googleapis.com/v1/projects/habitlegends-3b9e7/releases/cloud.firestore [none]
[debug] [2026-07-20T16:20:56.832Z] >>> [apiv2][body] PATCH https://firebaserules.googleapis.com/v1/projects/habitlegends-3b9e7/releases/cloud.firestore {"release":{"name":"projects/habitlegends-3b9e7/releases/cloud.firestore","rulesetName":"projects/habitlegends-3b9e7/rulesets/4947e809-be6f-4b0e-802e-47ca3fafb90e"}}
[debug] [2026-07-20T16:20:58.225Z] <<< [apiv2][status] PATCH https://firebaserules.googleapis.com/v1/projects/habitlegends-3b9e7/releases/cloud.firestore 200
[debug] [2026-07-20T16:20:58.225Z] <<< [apiv2][body] PATCH https://firebaserules.googleapis.com/v1/projects/habitlegends-3b9e7/releases/cloud.firestore {"name":"projects/habitlegends-3b9e7/releases/cloud.firestore","rulesetName":"projects/habitlegends-3b9e7/rulesets/4947e809-be6f-4b0e-802e-47ca3fafb90e","createTime":"2026-07-20T15:41:22.812226Z","updateTime":"2026-07-20T16:20:57.420283Z"}
[debug] [2026-07-20T16:20:58.225Z] [rules] updated release projects/habitlegends-3b9e7/releases/cloud.firestore
[info] +  firestore: released rules firestore.rules to cloud.firestore 
[info] 
[info] +  Deploy complete! 
[info] 
[info] Project Console: https://console.firebase.google.com/project/habitlegends-3b9e7/overview
[debug] [2026-07-20T16:28:18.699Z] ----------------------------------------------------------------------
[debug] [2026-07-20T16:28:18.703Z] Command:       C:\Program Files\nodejs\node.exe C:\Users\Luka\AppData\Roaming\npm\node_modules\firebase-tools\lib\bin\firebase.js deploy --only firestore:rules
[debug] [2026-07-20T16:28:18.703Z] CLI Version:   15.22.0
[debug] [2026-07-20T16:28:18.703Z] Platform:      win32
[debug] [2026-07-20T16:28:18.704Z] Node Version:  v24.11.1
[debug] [2026-07-20T16:28:18.704Z] Detected Agent: codex_cli
[debug] [2026-07-20T16:28:18.704Z] Time:          Mon Jul 20 2026 13:28:18 GMT-0300 (Horário Padrão de Brasília)
[debug] [2026-07-20T16:28:18.704Z] ----------------------------------------------------------------------
[debug] 
[debug] [2026-07-20T16:28:23.403Z] > command requires scopes: ["email","openid","https://www.googleapis.com/auth/cloudplatformprojects.readonly","https://www.googleapis.com/auth/firebase","https://www.googleapis.com/auth/cloud-platform"]
[debug] [2026-07-20T16:28:23.405Z] > authorizing via signed-in user (alowweb46@gmail.com)
[debug] [2026-07-20T16:28:23.405Z] [iam] checking project habitlegends-3b9e7 for permissions ["datastore.indexes.create","datastore.indexes.delete","datastore.indexes.list","datastore.indexes.update","firebase.projects.get"]
[debug] [2026-07-20T16:28:23.408Z] Checked if tokens are valid: true, expires at: 1784568048661
[debug] [2026-07-20T16:28:23.408Z] Checked if tokens are valid: true, expires at: 1784568048661
[debug] [2026-07-20T16:28:23.410Z] >>> [apiv2][query] POST https://cloudresourcemanager.googleapis.com/v1/projects/habitlegends-3b9e7:testIamPermissions [none]
[debug] [2026-07-20T16:28:23.411Z] >>> [apiv2][(partial)header] POST https://cloudresourcemanager.googleapis.com/v1/projects/habitlegends-3b9e7:testIamPermissions  x-goog-user-project=habitlegends-3b9e7
[debug] [2026-07-20T16:28:23.411Z] >>> [apiv2][body] POST https://cloudresourcemanager.googleapis.com/v1/projects/habitlegends-3b9e7:testIamPermissions {"permissions":["datastore.indexes.create","datastore.indexes.delete","datastore.indexes.list","datastore.indexes.update","firebase.projects.get"]}
[debug] [2026-07-20T16:28:23.757Z] <<< [apiv2][status] POST https://cloudresourcemanager.googleapis.com/v1/projects/habitlegends-3b9e7:testIamPermissions 200
[debug] [2026-07-20T16:28:23.757Z] <<< [apiv2][body] POST https://cloudresourcemanager.googleapis.com/v1/projects/habitlegends-3b9e7:testIamPermissions {"permissions":["datastore.indexes.create","datastore.indexes.delete","datastore.indexes.list","datastore.indexes.update","firebase.projects.get"]}
[info] 
[info] === Deploying to 'habitlegends-3b9e7'...
[info] 
[info] i  deploying firestore 
[info] i  firestore: ensuring required API firestore.googleapis.com is enabled... 
[info] i  firestore: ensuring required API firestore.googleapis.com is enabled... 
[debug] [2026-07-20T16:28:23.764Z] Checked if tokens are valid: true, expires at: 1784568048661
[debug] [2026-07-20T16:28:23.764Z] Checked if tokens are valid: true, expires at: 1784568048661
[debug] [2026-07-20T16:28:23.765Z] >>> [apiv2][query] GET https://firestore.googleapis.com/v1/projects/habitlegends-3b9e7/databases/(default) [none]
[debug] [2026-07-20T16:28:23.979Z] <<< [apiv2][status] GET https://firestore.googleapis.com/v1/projects/habitlegends-3b9e7/databases/(default) 200
[debug] [2026-07-20T16:28:23.979Z] <<< [apiv2][body] GET https://firestore.googleapis.com/v1/projects/habitlegends-3b9e7/databases/(default) {"name":"projects/habitlegends-3b9e7/databases/(default)","uid":"fe9ad8b3-e8b5-4c4a-a8a9-3c47ad14604a","createTime":"2026-07-20T15:41:17.885317Z","updateTime":"2026-07-20T15:41:17.885317Z","locationId":"southamerica-east1","type":"FIRESTORE_NATIVE","concurrencyMode":"PESSIMISTIC","versionRetentionPeriod":"3600s","earliestVersionTime":"2026-07-20T15:41:17.885317Z","appEngineIntegrationMode":"DISABLED","keyPrefix":"i","pointInTimeRecoveryEnablement":"POINT_IN_TIME_RECOVERY_DISABLED","deleteProtectionState":"DELETE_PROTECTION_DISABLED","databaseEdition":"STANDARD","freeTier":true,"realtimeUpdatesMode":"REALTIME_UPDATES_MODE_ENABLED","etag":"IJPej6nW4ZUDMOfD99XN4ZUD"}
[info] i  cloud.firestore: checking firestore.rules for compilation errors... 
[debug] [2026-07-20T16:28:23.981Z] Checked if tokens are valid: true, expires at: 1784568048661
[debug] [2026-07-20T16:28:23.981Z] Checked if tokens are valid: true, expires at: 1784568048661
[debug] [2026-07-20T16:28:23.981Z] >>> [apiv2][query] POST https://firebaserules.googleapis.com/v1/projects/habitlegends-3b9e7:test [none]
[debug] [2026-07-20T16:28:23.981Z] >>> [apiv2][body] POST https://firebaserules.googleapis.com/v1/projects/habitlegends-3b9e7:test [omitted]
[debug] [2026-07-20T16:28:25.929Z] <<< [apiv2][status] POST https://firebaserules.googleapis.com/v1/projects/habitlegends-3b9e7:test 200
[debug] [2026-07-20T16:28:25.929Z] <<< [apiv2][body] POST https://firebaserules.googleapis.com/v1/projects/habitlegends-3b9e7:test {}
[info] +  cloud.firestore: rules file firestore.rules compiled successfully 
[debug] [2026-07-20T16:28:25.931Z] Checked if tokens are valid: true, expires at: 1784568048661
[debug] [2026-07-20T16:28:25.931Z] Checked if tokens are valid: true, expires at: 1784568048661
[debug] [2026-07-20T16:28:25.931Z] >>> [apiv2][query] GET https://firebaserules.googleapis.com/v1/projects/habitlegends-3b9e7/releases pageSize=10&pageToken=
[debug] [2026-07-20T16:28:27.085Z] <<< [apiv2][status] GET https://firebaserules.googleapis.com/v1/projects/habitlegends-3b9e7/releases 200
[debug] [2026-07-20T16:28:27.085Z] <<< [apiv2][body] GET https://firebaserules.googleapis.com/v1/projects/habitlegends-3b9e7/releases {"releases":[{"name":"projects/habitlegends-3b9e7/releases/cloud.firestore","rulesetName":"projects/habitlegends-3b9e7/rulesets/4947e809-be6f-4b0e-802e-47ca3fafb90e","createTime":"2026-07-20T15:41:22.812226Z","updateTime":"2026-07-20T16:20:57.420283Z"}]}
[debug] [2026-07-20T16:28:27.086Z] Checked if tokens are valid: true, expires at: 1784568048661
[debug] [2026-07-20T16:28:27.086Z] Checked if tokens are valid: true, expires at: 1784568048661
[debug] [2026-07-20T16:28:27.086Z] >>> [apiv2][query] GET https://firebaserules.googleapis.com/v1/projects/habitlegends-3b9e7/rulesets/4947e809-be6f-4b0e-802e-47ca3fafb90e [none]
[debug] [2026-07-20T16:28:28.208Z] <<< [apiv2][status] GET https://firebaserules.googleapis.com/v1/projects/habitlegends-3b9e7/rulesets/4947e809-be6f-4b0e-802e-47ca3fafb90e 200
[debug] [2026-07-20T16:28:28.209Z] <<< [apiv2][body] GET https://firebaserules.googleapis.com/v1/projects/habitlegends-3b9e7/rulesets/4947e809-be6f-4b0e-802e-47ca3fafb90e [omitted]
[info] i  firestore: uploading rules firestore.rules... 
[debug] [2026-07-20T16:28:28.210Z] Checked if tokens are valid: true, expires at: 1784568048661
[debug] [2026-07-20T16:28:28.211Z] Checked if tokens are valid: true, expires at: 1784568048661
[debug] [2026-07-20T16:28:28.211Z] >>> [apiv2][query] POST https://firebaserules.googleapis.com/v1/projects/habitlegends-3b9e7/rulesets [none]
[debug] [2026-07-20T16:28:28.211Z] >>> [apiv2][body] POST https://firebaserules.googleapis.com/v1/projects/habitlegends-3b9e7/rulesets [omitted]
[debug] [2026-07-20T16:28:28.682Z] <<< [apiv2][status] POST https://firebaserules.googleapis.com/v1/projects/habitlegends-3b9e7/rulesets 200
[debug] [2026-07-20T16:28:28.683Z] <<< [apiv2][body] POST https://firebaserules.googleapis.com/v1/projects/habitlegends-3b9e7/rulesets {"name":"projects/habitlegends-3b9e7/rulesets/8706528b-41a2-4ff1-b5f3-b28f08ed3659","source":{"files":[{"content":"rules_version = '2';\n\nservice cloud.firestore {\n  match /databases/{database}/documents {\n    function signedIn() {\n      return request.auth != null;\n    }\n\n    function ownsUser(userId) {\n      return signedIn() && request.auth.uid == userId;\n    }\n\n    function validDifficultyReward(data) {\n      return (data.difficulty == 'common' && data.xpReward == 40 && data.goldReward == 15)\n        || (data.difficulty == 'rare' && data.xpReward == 90 && data.goldReward == 35)\n        || (data.difficulty == 'epic' && data.xpReward == 150 && data.goldReward == 60)\n        || (data.difficulty == 'legendary' && data.xpReward == 250 && data.goldReward == 100);\n    }\n\n    function validTask(data, userId) {\n      return data.keys().hasAll([\n          'userId', 'title', 'description', 'category', 'difficulty', 'frequency',\n          'xpReward', 'goldReward', 'isActive', 'createdAt', 'updatedAt'\n        ])\n        && data.userId == userId\n        && data.title is string && data.title.size() >= 2 && data.title.size() <= 80\n        && data.description is string && data.description.size() <= 240\n        && data.category is string\n        && data.difficulty in ['common', 'rare', 'epic', 'legendary']\n        && data.frequency in ['once', 'daily', 'weekly']\n        && data.isActive is bool\n        && data.xpReward is int && data.goldReward is int\n        && validDifficultyReward(data);\n    }\n\n    function validCompletion(data) {\n      return data.keys().hasAll([\n          'taskId', 'taskTitle', 'difficulty', 'category', 'xpEarned',\n          'goldEarned', 'levelBonusGold', 'periodKey', 'completedAt'\n        ])\n        && data.taskId is string && data.taskTitle is string\n        && data.category is string && data.periodKey is string\n        && data.difficulty in ['common', 'rare', 'epic', 'legendary']\n        && data.xpEarned is int && data.goldEarned is int && data.levelBonusGold is int\n        && data.levelBonusGold >= 0\n        && ((data.difficulty == 'common' && data.xpEarned == 40 && data.goldEarned == 15)\n          || (data.difficulty == 'rare' && data.xpEarned == 90 && data.goldEarned == 35)\n          || (data.difficulty == 'epic' && data.xpEarned == 150 && data.goldEarned == 60)\n          || (data.difficulty == 'legendary' && data.xpEarned == 250 && data.goldEarned == 100));\n    }\n\n    match /users/{userId} {\n      allow create: if ownsUser(userId);\n      allow read, update, delete: if ownsUser(userId);\n\n      match /tasks/{taskId} {\n        allow read: if ownsUser(userId);\n        allow create: if ownsUser(userId) && validTask(request.resource.data, userId);\n        allow update: if ownsUser(userId)\n          && validTask(request.resource.data, userId)\n          && request.resource.data.userId == resource.data.userId\n          && request.resource.data.createdAt == resource.data.createdAt;\n        allow delete: if ownsUser(userId);\n      }\n\n      match /taskCompletions/{completionId} {\n        allow read: if ownsUser(userId);\n        allow create: if ownsUser(userId) && validCompletion(request.resource.data);\n        allow update, delete: if false;\n      }\n    }\n\n    match /questTemplates/{questId} {\n      allow read: if signedIn();\n      allow write: if false;\n    }\n\n    match /storeItems/{itemId} {\n      allow read: if signedIn();\n      allow write: if false;\n    }\n  }\n}\n","name":"firestore.rules"}]},"createTime":"2026-07-20T16:28:27.877935Z","metadata":{"services":["cloud.firestore"]}}
[debug] [2026-07-20T16:28:28.683Z] [rules] created ruleset projects/habitlegends-3b9e7/rulesets/8706528b-41a2-4ff1-b5f3-b28f08ed3659
[debug] [2026-07-20T16:28:28.683Z] [rules] releasing cloud.firestore with ruleset projects/habitlegends-3b9e7/rulesets/8706528b-41a2-4ff1-b5f3-b28f08ed3659
[debug] [2026-07-20T16:28:28.684Z] Checked if tokens are valid: true, expires at: 1784568048661
[debug] [2026-07-20T16:28:28.684Z] Checked if tokens are valid: true, expires at: 1784568048661
[debug] [2026-07-20T16:28:28.684Z] >>> [apiv2][query] PATCH https://firebaserules.googleapis.com/v1/projects/habitlegends-3b9e7/releases/cloud.firestore [none]
[debug] [2026-07-20T16:28:28.684Z] >>> [apiv2][body] PATCH https://firebaserules.googleapis.com/v1/projects/habitlegends-3b9e7/releases/cloud.firestore {"release":{"name":"projects/habitlegends-3b9e7/releases/cloud.firestore","rulesetName":"projects/habitlegends-3b9e7/rulesets/8706528b-41a2-4ff1-b5f3-b28f08ed3659"}}
[debug] [2026-07-20T16:28:29.939Z] <<< [apiv2][status] PATCH https://firebaserules.googleapis.com/v1/projects/habitlegends-3b9e7/releases/cloud.firestore 200
[debug] [2026-07-20T16:28:29.939Z] <<< [apiv2][body] PATCH https://firebaserules.googleapis.com/v1/projects/habitlegends-3b9e7/releases/cloud.firestore {"name":"projects/habitlegends-3b9e7/releases/cloud.firestore","rulesetName":"projects/habitlegends-3b9e7/rulesets/8706528b-41a2-4ff1-b5f3-b28f08ed3659","createTime":"2026-07-20T15:41:22.812226Z","updateTime":"2026-07-20T16:28:29.147015Z"}
[debug] [2026-07-20T16:28:29.940Z] [rules] updated release projects/habitlegends-3b9e7/releases/cloud.firestore
[info] +  firestore: released rules firestore.rules to cloud.firestore 
[info] 
[info] +  Deploy complete! 
[info] 
[info] Project Console: https://console.firebase.google.com/project/habitlegends-3b9e7/overview
[debug] [2026-07-20T16:38:42.680Z] ----------------------------------------------------------------------
[debug] [2026-07-20T16:38:42.684Z] Command:       C:\Program Files\nodejs\node.exe C:\Users\Luka\AppData\Roaming\npm\node_modules\firebase-tools\lib\bin\firebase.js deploy --only firestore:rules
[debug] [2026-07-20T16:38:42.684Z] CLI Version:   15.22.0
[debug] [2026-07-20T16:38:42.684Z] Platform:      win32
[debug] [2026-07-20T16:38:42.684Z] Node Version:  v24.11.1
[debug] [2026-07-20T16:38:42.685Z] Detected Agent: codex_cli
[debug] [2026-07-20T16:38:42.685Z] Time:          Mon Jul 20 2026 13:38:42 GMT-0300 (Horário Padrão de Brasília)
[debug] [2026-07-20T16:38:42.685Z] ----------------------------------------------------------------------
[debug] 
[debug] [2026-07-20T16:38:47.279Z] > command requires scopes: ["email","openid","https://www.googleapis.com/auth/cloudplatformprojects.readonly","https://www.googleapis.com/auth/firebase","https://www.googleapis.com/auth/cloud-platform"]
[debug] [2026-07-20T16:38:47.281Z] > authorizing via signed-in user (alowweb46@gmail.com)
[debug] [2026-07-20T16:38:47.281Z] [iam] checking project habitlegends-3b9e7 for permissions ["datastore.indexes.create","datastore.indexes.delete","datastore.indexes.list","datastore.indexes.update","firebase.projects.get"]
[debug] [2026-07-20T16:38:47.284Z] Checked if tokens are valid: true, expires at: 1784568048661
[debug] [2026-07-20T16:38:47.284Z] Checked if tokens are valid: true, expires at: 1784568048661
[debug] [2026-07-20T16:38:47.285Z] >>> [apiv2][query] POST https://cloudresourcemanager.googleapis.com/v1/projects/habitlegends-3b9e7:testIamPermissions [none]
[debug] [2026-07-20T16:38:47.286Z] >>> [apiv2][(partial)header] POST https://cloudresourcemanager.googleapis.com/v1/projects/habitlegends-3b9e7:testIamPermissions  x-goog-user-project=habitlegends-3b9e7
[debug] [2026-07-20T16:38:47.286Z] >>> [apiv2][body] POST https://cloudresourcemanager.googleapis.com/v1/projects/habitlegends-3b9e7:testIamPermissions {"permissions":["datastore.indexes.create","datastore.indexes.delete","datastore.indexes.list","datastore.indexes.update","firebase.projects.get"]}
[debug] [2026-07-20T16:38:48.181Z] <<< [apiv2][status] POST https://cloudresourcemanager.googleapis.com/v1/projects/habitlegends-3b9e7:testIamPermissions 200
[debug] [2026-07-20T16:38:48.181Z] <<< [apiv2][body] POST https://cloudresourcemanager.googleapis.com/v1/projects/habitlegends-3b9e7:testIamPermissions {"permissions":["datastore.indexes.create","datastore.indexes.delete","datastore.indexes.list","datastore.indexes.update","firebase.projects.get"]}
[info] 
[info] === Deploying to 'habitlegends-3b9e7'...
[info] 
[info] i  deploying firestore 
[info] i  firestore: ensuring required API firestore.googleapis.com is enabled... 
[info] i  firestore: ensuring required API firestore.googleapis.com is enabled... 
[debug] [2026-07-20T16:38:48.188Z] Checked if tokens are valid: true, expires at: 1784568048661
[debug] [2026-07-20T16:38:48.188Z] Checked if tokens are valid: true, expires at: 1784568048661
[debug] [2026-07-20T16:38:48.188Z] >>> [apiv2][query] GET https://firestore.googleapis.com/v1/projects/habitlegends-3b9e7/databases/(default) [none]
[debug] [2026-07-20T16:38:48.398Z] <<< [apiv2][status] GET https://firestore.googleapis.com/v1/projects/habitlegends-3b9e7/databases/(default) 200
[debug] [2026-07-20T16:38:48.398Z] <<< [apiv2][body] GET https://firestore.googleapis.com/v1/projects/habitlegends-3b9e7/databases/(default) {"name":"projects/habitlegends-3b9e7/databases/(default)","uid":"fe9ad8b3-e8b5-4c4a-a8a9-3c47ad14604a","createTime":"2026-07-20T15:41:17.885317Z","updateTime":"2026-07-20T15:41:17.885317Z","locationId":"southamerica-east1","type":"FIRESTORE_NATIVE","concurrencyMode":"PESSIMISTIC","versionRetentionPeriod":"3600s","earliestVersionTime":"2026-07-20T15:41:17.885317Z","appEngineIntegrationMode":"DISABLED","keyPrefix":"i","pointInTimeRecoveryEnablement":"POINT_IN_TIME_RECOVERY_DISABLED","deleteProtectionState":"DELETE_PROTECTION_DISABLED","databaseEdition":"STANDARD","freeTier":true,"realtimeUpdatesMode":"REALTIME_UPDATES_MODE_ENABLED","etag":"IJWK79LY4ZUDMOfD99XN4ZUD"}
[info] i  cloud.firestore: checking firestore.rules for compilation errors... 
[debug] [2026-07-20T16:38:48.400Z] Checked if tokens are valid: true, expires at: 1784568048661
[debug] [2026-07-20T16:38:48.400Z] Checked if tokens are valid: true, expires at: 1784568048661
[debug] [2026-07-20T16:38:48.400Z] >>> [apiv2][query] POST https://firebaserules.googleapis.com/v1/projects/habitlegends-3b9e7:test [none]
[debug] [2026-07-20T16:38:48.400Z] >>> [apiv2][body] POST https://firebaserules.googleapis.com/v1/projects/habitlegends-3b9e7:test [omitted]
[debug] [2026-07-20T16:38:49.691Z] <<< [apiv2][status] POST https://firebaserules.googleapis.com/v1/projects/habitlegends-3b9e7:test 200
[debug] [2026-07-20T16:38:49.691Z] <<< [apiv2][body] POST https://firebaserules.googleapis.com/v1/projects/habitlegends-3b9e7:test {}
[info] +  cloud.firestore: rules file firestore.rules compiled successfully 
[debug] [2026-07-20T16:38:49.693Z] Checked if tokens are valid: true, expires at: 1784568048661
[debug] [2026-07-20T16:38:49.694Z] Checked if tokens are valid: true, expires at: 1784568048661
[debug] [2026-07-20T16:38:49.695Z] >>> [apiv2][query] GET https://firebaserules.googleapis.com/v1/projects/habitlegends-3b9e7/releases pageSize=10&pageToken=
[debug] [2026-07-20T16:38:50.905Z] <<< [apiv2][status] GET https://firebaserules.googleapis.com/v1/projects/habitlegends-3b9e7/releases 200
[debug] [2026-07-20T16:38:50.905Z] <<< [apiv2][body] GET https://firebaserules.googleapis.com/v1/projects/habitlegends-3b9e7/releases {"releases":[{"name":"projects/habitlegends-3b9e7/releases/cloud.firestore","rulesetName":"projects/habitlegends-3b9e7/rulesets/8706528b-41a2-4ff1-b5f3-b28f08ed3659","createTime":"2026-07-20T15:41:22.812226Z","updateTime":"2026-07-20T16:28:29.147015Z"}]}
[debug] [2026-07-20T16:38:50.906Z] Checked if tokens are valid: true, expires at: 1784568048661
[debug] [2026-07-20T16:38:50.906Z] Checked if tokens are valid: true, expires at: 1784568048661
[debug] [2026-07-20T16:38:50.906Z] >>> [apiv2][query] GET https://firebaserules.googleapis.com/v1/projects/habitlegends-3b9e7/rulesets/8706528b-41a2-4ff1-b5f3-b28f08ed3659 [none]
[debug] [2026-07-20T16:38:52.096Z] <<< [apiv2][status] GET https://firebaserules.googleapis.com/v1/projects/habitlegends-3b9e7/rulesets/8706528b-41a2-4ff1-b5f3-b28f08ed3659 200
[debug] [2026-07-20T16:38:52.096Z] <<< [apiv2][body] GET https://firebaserules.googleapis.com/v1/projects/habitlegends-3b9e7/rulesets/8706528b-41a2-4ff1-b5f3-b28f08ed3659 [omitted]
[info] i  firestore: uploading rules firestore.rules... 
[debug] [2026-07-20T16:38:52.098Z] Checked if tokens are valid: true, expires at: 1784568048661
[debug] [2026-07-20T16:38:52.099Z] Checked if tokens are valid: true, expires at: 1784568048661
[debug] [2026-07-20T16:38:52.099Z] >>> [apiv2][query] POST https://firebaserules.googleapis.com/v1/projects/habitlegends-3b9e7/rulesets [none]
[debug] [2026-07-20T16:38:52.099Z] >>> [apiv2][body] POST https://firebaserules.googleapis.com/v1/projects/habitlegends-3b9e7/rulesets [omitted]
[debug] [2026-07-20T16:38:53.398Z] <<< [apiv2][status] POST https://firebaserules.googleapis.com/v1/projects/habitlegends-3b9e7/rulesets 200
[debug] [2026-07-20T16:38:53.399Z] <<< [apiv2][body] POST https://firebaserules.googleapis.com/v1/projects/habitlegends-3b9e7/rulesets {"name":"projects/habitlegends-3b9e7/rulesets/e7674825-ac19-491c-b016-58eb1b519478","source":{"files":[{"content":"rules_version = '2';\n\nservice cloud.firestore {\n  match /databases/{database}/documents {\n    function signedIn() {\n      return request.auth != null;\n    }\n\n    function ownsUser(userId) {\n      return signedIn() && request.auth.uid == userId;\n    }\n\n    function validDifficultyReward(data) {\n      return (data.difficulty == 'common' && data.xpReward == 40 && data.goldReward == 15)\n        || (data.difficulty == 'rare' && data.xpReward == 90 && data.goldReward == 35)\n        || (data.difficulty == 'epic' && data.xpReward == 150 && data.goldReward == 60)\n        || (data.difficulty == 'legendary' && data.xpReward == 250 && data.goldReward == 100);\n    }\n\n    function validTask(data, userId) {\n      return data.keys().hasAll([\n          'userId', 'title', 'description', 'category', 'difficulty', 'frequency',\n          'xpReward', 'goldReward', 'isActive', 'createdAt', 'updatedAt'\n        ])\n        && data.userId == userId\n        && data.title is string && data.title.size() >= 2 && data.title.size() <= 80\n        && data.description is string && data.description.size() <= 240\n        && data.category is string\n        && data.difficulty in ['common', 'rare', 'epic', 'legendary']\n        && data.frequency in ['once', 'daily', 'weekly']\n        && data.isActive is bool\n        && data.xpReward is int && data.goldReward is int\n        && validDifficultyReward(data);\n    }\n\n    function validCompletion(data) {\n      return data.keys().hasAll([\n          'taskId', 'taskTitle', 'difficulty', 'category', 'xpEarned',\n          'goldEarned', 'levelBonusGold', 'periodKey', 'completedAt'\n        ])\n        && data.taskId is string && data.taskTitle is string\n        && data.category is string && data.periodKey is string\n        && data.difficulty in ['common', 'rare', 'epic', 'legendary']\n        && data.xpEarned is int && data.goldEarned is int && data.levelBonusGold is int\n        && data.levelBonusGold >= 0\n        && ((data.difficulty == 'common' && data.xpEarned == 40 && data.goldEarned == 15)\n          || (data.difficulty == 'rare' && data.xpEarned == 90 && data.goldEarned == 35)\n          || (data.difficulty == 'epic' && data.xpEarned == 150 && data.goldEarned == 60)\n          || (data.difficulty == 'legendary' && data.xpEarned == 250 && data.goldEarned == 100));\n    }\n\n    function validInventoryItem(data, itemId) {\n      return data.keys().hasAll([\n          'itemId', 'name', 'category', 'rarity', 'imageUrl',\n          'purchasedPrice', 'purchasedAt', 'equipped'\n        ])\n        && data.itemId == itemId && data.name is string && data.imageUrl is string\n        && data.category in ['hair', 'outfit', 'weapon', 'accessory', 'pet', 'background']\n        && data.rarity in ['common', 'rare', 'epic', 'legendary']\n        && data.purchasedPrice is int && data.purchasedPrice >= 0\n        && data.equipped == false;\n    }\n\n    match /users/{userId} {\n      allow create: if ownsUser(userId);\n      allow read, update, delete: if ownsUser(userId);\n\n      match /tasks/{taskId} {\n        allow read: if ownsUser(userId);\n        allow create: if ownsUser(userId) && validTask(request.resource.data, userId);\n        allow update: if ownsUser(userId)\n          && validTask(request.resource.data, userId)\n          && request.resource.data.userId == resource.data.userId\n          && request.resource.data.createdAt == resource.data.createdAt;\n        allow delete: if ownsUser(userId);\n      }\n\n      match /taskCompletions/{completionId} {\n        allow read: if ownsUser(userId);\n        allow create: if ownsUser(userId) && validCompletion(request.resource.data);\n        allow update, delete: if false;\n      }\n\n      match /inventory/{itemId} {\n        allow read: if ownsUser(userId);\n        allow create: if ownsUser(userId) && validInventoryItem(request.resource.data, itemId);\n        allow update, delete: if false;\n      }\n    }\n\n    match /questTemplates/{questId} {\n      allow read: if signedIn();\n      allow write: if false;\n    }\n\n    match /storeItems/{itemId} {\n      allow read: if signedIn();\n      allow write: if false;\n    }\n  }\n}\n","name":"firestore.rules"}]},"createTime":"2026-07-20T16:38:52.598383Z","metadata":{"services":["cloud.firestore"]}}
[debug] [2026-07-20T16:38:53.399Z] [rules] created ruleset projects/habitlegends-3b9e7/rulesets/e7674825-ac19-491c-b016-58eb1b519478
[debug] [2026-07-20T16:38:53.399Z] [rules] releasing cloud.firestore with ruleset projects/habitlegends-3b9e7/rulesets/e7674825-ac19-491c-b016-58eb1b519478
[debug] [2026-07-20T16:38:53.400Z] Checked if tokens are valid: true, expires at: 1784568048661
[debug] [2026-07-20T16:38:53.400Z] Checked if tokens are valid: true, expires at: 1784568048661
[debug] [2026-07-20T16:38:53.400Z] >>> [apiv2][query] PATCH https://firebaserules.googleapis.com/v1/projects/habitlegends-3b9e7/releases/cloud.firestore [none]
[debug] [2026-07-20T16:38:53.400Z] >>> [apiv2][body] PATCH https://firebaserules.googleapis.com/v1/projects/habitlegends-3b9e7/releases/cloud.firestore {"release":{"name":"projects/habitlegends-3b9e7/releases/cloud.firestore","rulesetName":"projects/habitlegends-3b9e7/rulesets/e7674825-ac19-491c-b016-58eb1b519478"}}
[debug] [2026-07-20T16:38:54.760Z] <<< [apiv2][status] PATCH https://firebaserules.googleapis.com/v1/projects/habitlegends-3b9e7/releases/cloud.firestore 200
[debug] [2026-07-20T16:38:54.760Z] <<< [apiv2][body] PATCH https://firebaserules.googleapis.com/v1/projects/habitlegends-3b9e7/releases/cloud.firestore {"name":"projects/habitlegends-3b9e7/releases/cloud.firestore","rulesetName":"projects/habitlegends-3b9e7/rulesets/e7674825-ac19-491c-b016-58eb1b519478","createTime":"2026-07-20T15:41:22.812226Z","updateTime":"2026-07-20T16:38:53.951483Z"}
[debug] [2026-07-20T16:38:54.761Z] [rules] updated release projects/habitlegends-3b9e7/releases/cloud.firestore
[info] +  firestore: released rules firestore.rules to cloud.firestore 
[info] 
[info] +  Deploy complete! 
[info] 
[info] Project Console: https://console.firebase.google.com/project/habitlegends-3b9e7/overview
